0 verbose cli E:\Node\node.exe E:\Node\node_modules\npm\bin\npm-cli.js
1 info using npm@11.13.0
2 info using node@v24.16.0
3 silly config load:file:E:\Node\node_modules\npm\npmrc
4 silly config load:file:C:\Users\Administrator\OneDrive\Documents\Aashish pro\.npmrc
5 silly config load:file:C:\Users\Administrator\.npmrc
6 silly config load:file:C:\Users\Administrator\AppData\Roaming\npm\etc\npmrc
7 verbose title npm install
8 verbose argv "install" "--cache" ".npm-cache" "--no-audit" "--no-fund"
9 verbose logfile logs-max:10 dir:C:\Users\Administrator\OneDrive\Documents\Aashish pro\.npm-cache\_logs\2026-09-27T16_13_31_310Z-
10 verbose logfile C:\Users\Administrator\OneDrive\Documents\Aashish pro\.npm-cache\_logs\2026-09-27T16_13_31_310Z-debug-0.log
11 silly logfile done cleaning log files
12 silly packumentCache heap:4496293888 maxSize:1124073472 maxEntrySize:562036736
13 silly idealTree buildDeps
14 silly fetch manifest react@^19.0.0
15 silly packumentCache full:https://registry.npmjs.org/react cache-miss
16 http fetch GET https://registry.npmjs.org/npm attempt 1 failed with EACCES
17 http fetch GET https://registry.npmjs.org/react attempt 1 failed with EACCES
18 http fetch GET https://registry.npmjs.org/npm attempt 2 failed with EACCES
19 http fetch GET https://registry.npmjs.org/react attempt 2 failed with EACCES
20 http fetch GET https://registry.npmjs.org/npm attempt 3 failed with EACCES
21 http fetch GET https://registry.npmjs.org/react attempt 3 failed with EACCES
22 silly fetch manifest react-dom@^19.0.0
23 silly packumentCache full:https://registry.npmjs.org/react-dom cache-miss
24 http fetch GET https://registry.npmjs.org/react-dom attempt 1 failed with EACCES
25 http fetch GET https://registry.npmjs.org/react-dom attempt 2 failed with EACCES
